// Vitest Snapshot v1, https://vitest.dev/guide/snapshot.html

exports[`<UserTable> > loading spinner matches snapshotâ€° 1`] = `
<div>
  <div
    class="p-6 space-y-4"
  >
    <h1
      class="text-2xl font-bold"
    >
      User Dashboard
    </h1>
    <div
      class="flex justify-center items-center text-blue-500"
    >
      <svg
        class="lucide lucide-loader animate-spin"
        fill="none"
        height="24"
        stroke="currentColor"
        stroke-linecap="round"
        stroke-linejoin="round"
        stroke-width="2"
        viewBox="0 0 24 24"
        width="24"
        xmlns="http://www.w3.org/2000/svg"
      >
        <path
          d="M12 2v4"
        />
        <path
          d="m16.2 7.8 2.9-2.9"
        />
        <path
          d="M18 12h4"
        />
        <path
          d="m16.2 16.2 2.9 2.9"
        />
        <path
          d="M12 18v4"
        />
        <path
          d="m4.9 19.1 2.9-2.9"
        />
        <path
          d="M2 12h4"
        />
        <path
          d="m4.9 4.9 2.9 2.9"
        />
      </svg>
      <span
        class="ml-2"
      >
        Loading users...
      </span>
    </div>
  </div>
</div>
`;
